This is pdfTeX, Version 3.141592653-2.6-1.40.28 (TeX Live 2025) (preloaded format=pdflatex 2025.12.29)  22 MAY 2026 16:45
entering extended mode
 restricted \write18 enabled.
 %&-line parsing enabled.
**Markdown_EN.tex
(./Markdown_EN.tex
LaTeX2e <2025-11-01>
L3 programming layer <2025-12-24>
(/Users/sammyrabhine/Library/TinyTeX/texmf-dist/tex/latex/base/article.cls
Document Class: article 2025/01/22 v1.4n Standard LaTeX document class
(/Users/sammyrabhine/Library/TinyTeX/texmf-dist/tex/latex/base/size10.clo
File: size10.clo 2025/01/22 v1.4n Standard LaTeX file (size option)
)
\c@part=\count275
\c@section=\count276
\c@subsection=\count277
\c@subsubsection=\count278
\c@paragraph=\count279
\c@subparagraph=\count280
\c@figure=\count281
\c@table=\count282
\abovecaptionskip=\skip49
\belowcaptionskip=\skip50
\bibindent=\dimen148
) (/Users/sammyrabhine/Library/TinyTeX/texmf-dist/tex/latex/xcolor/xcolor.sty
Package: xcolor 2024/09/29 v3.02 LaTeX color extensions (UK)
(/Users/sammyrabhine/Library/TinyTeX/texmf-dist/tex/latex/graphics-cfg/color.cfg
File: color.cfg 2016/01/02 v1.6 sample color configuration
)
Package xcolor Info: Driver file: pdftex.def on input line 274.
(/Users/sammyrabhine/Library/TinyTeX/texmf-dist/tex/latex/graphics-def/pdftex.def
File: pdftex.def 2025/09/29 v1.2d Graphics/color driver for pdftex
) (/Users/sammyrabhine/Library/TinyTeX/texmf-dist/tex/latex/graphics/mathcolor.ltx)
Package xcolor Info: Model `cmy' substituted by `cmy0' on input line 1349.
Package xcolor Info: Model `hsb' substituted by `rgb' on input line 1353.
Package xcolor Info: Model `RGB' extended on input line 1365.
Package xcolor Info: Model `HTML' substituted by `rgb' on input line 1367.
Package xcolor Info: Model `Hsb' substituted by `hsb' on input line 1368.
Package xcolor Info: Model `tHsb' substituted by `hsb' on input line 1369.
Package xcolor Info: Model `HSB' substituted by `hsb' on input line 1370.
Package xcolor Info: Model `Gray' substituted by `gray' on input line 1371.
Package xcolor Info: Model `wave' substituted by `hsb' on input line 1372.
) (/Users/sammyrabhine/Library/TinyTeX/texmf-dist/tex/latex/geometry/geometry.sty
Package: geometry 2020/01/02 v5.9 Page Geometry
(/Users/sammyrabhine/Library/TinyTeX/texmf-dist/tex/latex/graphics/keyval.sty
Package: keyval 2022/05/29 v1.15 key=value parser (DPC)
\KV@toks@=\toks17
) (/Users/sammyrabhine/Library/TinyTeX/texmf-dist/tex/generic/iftex/ifvtex.sty
Package: ifvtex 2019/10/25 v1.7 ifvtex legacy package. Use iftex instead.
(/Users/sammyrabhine/Library/TinyTeX/texmf-dist/tex/generic/iftex/iftex.sty
Package: iftex 2024/12/12 v1.0g TeX engine tests
))
\Gm@cnth=\count283
\Gm@cntv=\count284
\c@Gm@tempcnt=\count285
\Gm@bindingoffset=\dimen149
\Gm@wd@mp=\dimen150
\Gm@odd@mp=\dimen151
\Gm@even@mp=\dimen152
\Gm@layoutwidth=\dimen153
\Gm@layoutheight=\dimen154
\Gm@layouthoffset=\dimen155
\Gm@layoutvoffset=\dimen156
\Gm@dimlist=\toks18
) (/Users/sammyrabhine/Library/TinyTeX/texmf-dist/tex/latex/amsmath/amsmath.sty
Package: amsmath 2025/07/09 v2.17z AMS math features
\@mathmargin=\skip51
For additional information on amsmath, use the `?' option.
(/Users/sammyrabhine/Library/TinyTeX/texmf-dist/tex/latex/amsmath/amstext.sty
Package: amstext 2024/11/17 v2.01 AMS text
(/Users/sammyrabhine/Library/TinyTeX/texmf-dist/tex/latex/amsmath/amsgen.sty
File: amsgen.sty 1999/11/30 v2.0 generic functions
\@emptytoks=\toks19
\ex@=\dimen157
)) (/Users/sammyrabhine/Library/TinyTeX/texmf-dist/tex/latex/amsmath/amsbsy.sty
Package: amsbsy 1999/11/29 v1.2d Bold Symbols
\pmbraise@=\dimen158
) (/Users/sammyrabhine/Library/TinyTeX/texmf-dist/tex/latex/amsmath/amsopn.sty
Package: amsopn 2022/04/08 v2.04 operator names
)
\inf@bad=\count286
LaTeX Info: Redefining \frac on input line 233.
\uproot@=\count287
\leftroot@=\count288
LaTeX Info: Redefining \overline on input line 398.
LaTeX Info: Redefining \colon on input line 409.
\classnum@=\count289
\DOTSCASE@=\count290
LaTeX Info: Redefining \ldots on input line 495.
LaTeX Info: Redefining \dots on input line 498.
LaTeX Info: Redefining \cdots on input line 619.
\Mathstrutbox@=\box53
\strutbox@=\box54
LaTeX Info: Redefining \big on input line 721.
LaTeX Info: Redefining \Big on input line 722.
LaTeX Info: Redefining \bigg on input line 723.
LaTeX Info: Redefining \Bigg on input line 724.
\big@size=\dimen159
LaTeX Font Info:    Redeclaring font encoding OML on input line 742.
LaTeX Font Info:    Redeclaring font encoding OMS on input line 743.
\macc@depth=\count291
LaTeX Info: Redefining \bmod on input line 904.
LaTeX Info: Redefining \pmod on input line 909.
LaTeX Info: Redefining \smash on input line 939.
LaTeX Info: Redefining \relbar on input line 969.
LaTeX Info: Redefining \Relbar on input line 970.
\c@MaxMatrixCols=\count292
\dotsspace@=\muskip17
\c@parentequation=\count293
\dspbrk@lvl=\count294
\tag@help=\toks20
\row@=\count295
\column@=\count296
\maxfields@=\count297
\andhelp@=\toks21
\eqnshift@=\dimen160
\alignsep@=\dimen161
\tagshift@=\dimen162
\tagwidth@=\dimen163
\totwidth@=\dimen164
\lineht@=\dimen165
\@envbody=\toks22
\multlinegap=\skip52
\multlinetaggap=\skip53
\mathdisplay@stack=\toks23
LaTeX Info: Redefining \[ on input line 2950.
LaTeX Info: Redefining \] on input line 2951.
) (/Users/sammyrabhine/Library/TinyTeX/texmf-dist/tex/latex/amsfonts/amssymb.sty
Package: amssymb 2013/01/14 v3.01 AMS font symbols
(/Users/sammyrabhine/Library/TinyTeX/texmf-dist/tex/latex/amsfonts/amsfonts.sty
Package: amsfonts 2013/01/14 v3.01 Basic AMSFonts support
\symAMSa=\mathgroup4
\symAMSb=\mathgroup5
LaTeX Font Info:    Redeclaring math symbol \hbar on input line 98.
LaTeX Font Info:    Overwriting math alphabet `\mathfrak' in version `bold'
(Font)                  U/euf/m/n --> U/euf/b/n on input line 106.
)) (/Users/sammyrabhine/Library/TinyTeX/texmf-dist/tex/latex/base/fontenc.sty
Package: fontenc 2025/07/18 v2.1d Standard LaTeX package
) (/Users/sammyrabhine/Library/TinyTeX/texmf-dist/tex/latex/base/inputenc.sty
Package: inputenc 2024/02/08 v1.3d Input encoding file
\inpenc@prehook=\toks24
\inpenc@posthook=\toks25
) (/Users/sammyrabhine/Library/TinyTeX/texmf-dist/tex/latex/base/textcomp.sty
Package: textcomp 2024/04/24 v2.1b Standard LaTeX package
) (/Users/sammyrabhine/Library/TinyTeX/texmf-dist/tex/latex/lm/lmodern.sty
Package: lmodern 2015/05/01 v1.6.1 Latin Modern Fonts
LaTeX Font Info:    Overwriting symbol font `operators' in version `normal'
(Font)                  OT1/cmr/m/n --> OT1/lmr/m/n on input line 22.
LaTeX Font Info:    Overwriting symbol font `letters' in version `normal'
(Font)                  OML/cmm/m/it --> OML/lmm/m/it on input line 23.
LaTeX Font Info:    Overwriting symbol font `symbols' in version `normal'
(Font)                  OMS/cmsy/m/n --> OMS/lmsy/m/n on input line 24.
LaTeX Font Info:    Overwriting symbol font `largesymbols' in version `normal'
(Font)                  OMX/cmex/m/n --> OMX/lmex/m/n on input line 25.
LaTeX Font Info:    Overwriting symbol font `operators' in version `bold'
(Font)                  OT1/cmr/bx/n --> OT1/lmr/bx/n on input line 26.
LaTeX Font Info:    Overwriting symbol font `letters' in version `bold'
(Font)                  OML/cmm/b/it --> OML/lmm/b/it on input line 27.
LaTeX Font Info:    Overwriting symbol font `symbols' in version `bold'
(Font)                  OMS/cmsy/b/n --> OMS/lmsy/b/n on input line 28.
LaTeX Font Info:    Overwriting symbol font `largesymbols' in version `bold'
(Font)                  OMX/cmex/m/n --> OMX/lmex/m/n on input line 29.
LaTeX Font Info:    Overwriting math alphabet `\mathbf' in version `normal'
(Font)                  OT1/cmr/bx/n --> OT1/lmr/bx/n on input line 31.
LaTeX Font Info:    Overwriting math alphabet `\mathsf' in version `normal'
(Font)                  OT1/cmss/m/n --> OT1/lmss/m/n on input line 32.
LaTeX Font Info:    Overwriting math alphabet `\mathit' in version `normal'
(Font)                  OT1/cmr/m/it --> OT1/lmr/m/it on input line 33.
LaTeX Font Info:    Overwriting math alphabet `\mathtt' in version `normal'
(Font)                  OT1/cmtt/m/n --> OT1/lmtt/m/n on input line 34.
LaTeX Font Info:    Overwriting math alphabet `\mathbf' in version `bold'
(Font)                  OT1/cmr/bx/n --> OT1/lmr/bx/n on input line 35.
LaTeX Font Info:    Overwriting math alphabet `\mathsf' in version `bold'
(Font)                  OT1/cmss/bx/n --> OT1/lmss/bx/n on input line 36.
LaTeX Font Info:    Overwriting math alphabet `\mathit' in version `bold'
(Font)                  OT1/cmr/bx/it --> OT1/lmr/bx/it on input line 37.
LaTeX Font Info:    Overwriting math alphabet `\mathtt' in version `bold'
(Font)                  OT1/cmtt/m/n --> OT1/lmtt/m/n on input line 38.
) (/Users/sammyrabhine/Library/TinyTeX/texmf-dist/tex/latex/microtype/microtype.sty
Package: microtype 2025/07/09 v3.2b Micro-typographical refinements (RS)
(/Users/sammyrabhine/Library/TinyTeX/texmf-dist/tex/latex/etoolbox/etoolbox.sty
Package: etoolbox 2025/10/02 v2.5m e-TeX tools for LaTeX (JAW)
\etb@tempcnta=\count298
)
\MT@toks=\toks26
\MT@tempbox=\box55
\MT@count=\count299
LaTeX Info: Redefining \noprotrusionifhmode on input line 1087.
LaTeX Info: Redefining \leftprotrusion on input line 1088.
\MT@prot@toks=\toks27
LaTeX Info: Redefining \rightprotrusion on input line 1107.
LaTeX Info: Redefining \textls on input line 1449.
\MT@outer@kern=\dimen166
LaTeX Info: Redefining \microtypecontext on input line 2053.
LaTeX Info: Redefining \textmicrotypecontext on input line 2070.
\MT@listname@count=\count300
(/Users/sammyrabhine/Library/TinyTeX/texmf-dist/tex/latex/microtype/microtype-pdftex.def
File: microtype-pdftex.def 2025/07/09 v3.2b Definitions specific to pdftex (RS)
LaTeX Info: Redefining \lsstyle on input line 944.
LaTeX Info: Redefining \lslig on input line 944.
\MT@outer@space=\skip54
)
Package microtype Info: Loading configuration file microtype.cfg.
(/Users/sammyrabhine/Library/TinyTeX/texmf-dist/tex/latex/microtype/microtype.cfg
File: microtype.cfg 2025/07/09 v3.2b microtype main configuration file (RS)
)
LaTeX Info: Redefining \microtypesetup on input line 3065.
) (/Users/sammyrabhine/Library/TinyTeX/texmf-dist/tex/latex/parskip/parskip.sty
Package: parskip 2021-03-14 v2.0h non-zero parskip adjustments
(/Users/sammyrabhine/Library/TinyTeX/texmf-dist/tex/latex/kvoptions/kvoptions.sty
Package: kvoptions 2022-06-15 v3.15 Key value format for package options (HO)
(/Users/sammyrabhine/Library/TinyTeX/texmf-dist/tex/generic/ltxcmds/ltxcmds.sty
Package: ltxcmds 2023-12-04 v1.26 LaTeX kernel commands for general use (HO)
) (/Users/sammyrabhine/Library/TinyTeX/texmf-dist/tex/latex/kvsetkeys/kvsetkeys.sty
Package: kvsetkeys 2022-10-05 v1.19 Key value parser (HO)
))) (/Users/sammyrabhine/Library/TinyTeX/texmf-dist/tex/latex/fancyvrb/fancyvrb.sty
Package: fancyvrb 2025/07/28 4.6 verbatim text (tvz,hv)
\FV@CodeLineNo=\count301
\FV@InFile=\read2
\FV@TabBox=\box56
\c@FancyVerbLine=\count302
\FV@StepNumber=\count303
\FV@OutFile=\write3
) (/Users/sammyrabhine/Library/TinyTeX/texmf-dist/tex/latex/framed/framed.sty
Package: framed 2011/10/22 v 0.96: framed or shaded text with page breaks
\OuterFrameSep=\skip55
\fb@frw=\dimen167
\fb@frh=\dimen168
\FrameRule=\dimen169
\FrameSep=\dimen170
) (/Users/sammyrabhine/Library/TinyTeX/texmf-dist/tex/latex/graphics/graphicx.sty
Package: graphicx 2024/12/31 v1.2e Enhanced LaTeX Graphics (DPC,SPQR)
(/Users/sammyrabhine/Library/TinyTeX/texmf-dist/tex/latex/graphics/graphics.sty
Package: graphics 2024/08/06 v1.4g Standard LaTeX Graphics (DPC,SPQR)
(/Users/sammyrabhine/Library/TinyTeX/texmf-dist/tex/latex/graphics/trig.sty
Package: trig 2023/12/02 v1.11 sin cos tan (DPC)
) (/Users/sammyrabhine/Library/TinyTeX/texmf-dist/tex/latex/graphics-cfg/graphics.cfg
File: graphics.cfg 2016/06/04 v1.11 sample graphics configuration
)
Package graphics Info: Driver file: pdftex.def on input line 106.
)
\Gin@req@height=\dimen171
\Gin@req@width=\dimen172
)
\pandoc@box=\box57
(/Users/sammyrabhine/Library/TinyTeX/texmf-dist/tex/latex/booktabs/booktabs.sty
Package: booktabs 2020/01/12 v1.61803398 Publication quality tables
\heavyrulewidth=\dimen173
\lightrulewidth=\dimen174
\cmidrulewidth=\dimen175
\belowrulesep=\dimen176
\belowbottomsep=\dimen177
\aboverulesep=\dimen178
\abovetopsep=\dimen179
\cmidrulesep=\dimen180
\cmidrulekern=\dimen181
\defaultaddspace=\dimen182
\@cmidla=\count304
\@cmidlb=\count305
\@aboverulesep=\dimen183
\@belowrulesep=\dimen184
\@thisruleclass=\count306
\@lastruleclass=\count307
\@thisrulewidth=\dimen185
) (/Users/sammyrabhine/Library/TinyTeX/texmf-dist/tex/latex/tools/longtable.sty
Package: longtable 2025-10-13 v4.24 Multi-page Table package (DPC)
\LTleft=\skip56
\LTright=\skip57
\LTpre=\skip58
\LTpost=\skip59
\LTchunksize=\count308
\LTcapwidth=\dimen186
\LT@head=\box58
\LT@firsthead=\box59
\LT@foot=\box60
\LT@lastfoot=\box61
\LT@gbox=\box62
\LT@cols=\count309
\LT@rows=\count310
\c@LT@tables=\count311
\c@LT@chunks=\count312
\LT@p@ftn=\toks28
) (/Users/sammyrabhine/Library/TinyTeX/texmf-dist/tex/latex/tools/array.sty
Package: array 2025/09/25 v2.6n Tabular extension package (FMi)
\col@sep=\dimen187
\ar@mcellbox=\box63
\extrarowheight=\dimen188
\NC@list=\toks29
\extratabsurround=\skip60
\backup@length=\skip61
\ar@cellbox=\box64
) (/Users/sammyrabhine/Library/TinyTeX/texmf-dist/tex/latex/multirow/multirow.sty
Package: multirow 2024/11/12 v2.9 Span multiple rows of a table
\multirow@colwidth=\skip62
\multirow@cntb=\count313
\multirow@dima=\skip63
\bigstrutjot=\dimen189
) (/Users/sammyrabhine/Library/TinyTeX/texmf-dist/tex/latex/wrapfig/wrapfig.sty
\wrapoverhang=\dimen190
\WF@size=\dimen191
\c@WF@wrappedlines=\count314
\WF@box=\box65
\WF@everypar=\toks30
Package: wrapfig 2003/01/31  v 3.6
) (/Users/sammyrabhine/Library/TinyTeX/texmf-dist/tex/latex/float/float.sty
Package: float 2001/11/08 v1.3d Float enhancements (AL)
\c@float@type=\count315
\float@exts=\toks31
\float@box=\box66
\@float@everytoks=\toks32
\@floatcapt=\box67
) (/Users/sammyrabhine/Library/TinyTeX/texmf-dist/tex/latex/colortbl/colortbl.sty
Package: colortbl 2024/10/29 v1.0k Color table columns (DPC)
\everycr=\toks33
\minrowclearance=\skip64
\rownum=\count316
) (/Users/sammyrabhine/Library/TinyTeX/texmf-dist/tex/latex/pdflscape/pdflscape.sty
Package: pdflscape 2025-06-23 v0.14 Display of landscape pages in PDF
(/Users/sammyrabhine/Library/TinyTeX/texmf-dist/tex/latex/pdflscape/pdflscape-nometadata.sty
Package: pdflscape-nometadata 2025-06-23 v0.14 Display of landscape pages in PDF (HO)
(/Users/sammyrabhine/Library/TinyTeX/texmf-dist/tex/latex/graphics/lscape.sty
Package: lscape 2020/05/28 v3.02 Landscape Pages (DPC)
)
Package pdflscape Info: Auto-detected driver: pdftex on input line 81.
)) (/Users/sammyrabhine/Library/TinyTeX/texmf-dist/tex/latex/tabu/tabu.sty
Package: tabu 2019/01/11 v2.9 - flexible LaTeX tabulars (FC+tabu-fixed)
(/Users/sammyrabhine/Library/TinyTeX/texmf-dist/tex/latex/varwidth/varwidth.sty
Package: varwidth 2009/03/30 ver 0.92;  Variable-width minipages
\@vwid@box=\box68
\sift@deathcycles=\count317
\@vwid@loff=\dimen192
\@vwid@roff=\dimen193
)
==> First Aid for varwidth.sty applied!
\c@taburow=\count318
\tabu@nbcols=\count319
\tabu@cnt=\count320
\tabu@Xcol=\count321
\tabu@alloc=\count322
\tabu@nested=\count323
\tabu@target=\dimen194
\tabu@spreadtarget=\dimen195
\tabu@naturalX=\dimen196
\tabucolX=\dimen197
\tabu@Xsum=\dimen198
\extrarowdepth=\dimen199
\abovetabulinesep=\dimen256
\belowtabulinesep=\dimen257
\tabustrutrule=\dimen258
\tabu@thebody=\toks34
\tabu@footnotes=\toks35
\tabu@box=\box69
\tabu@arstrutbox=\box70
\tabu@hleads=\box71
\tabu@vleads=\box72
\tabu@cellskip=\skip65
) (/Users/sammyrabhine/Library/TinyTeX/texmf-dist/tex/latex/threeparttable/threeparttable.sty
Package: threeparttable 2003/06/13  v 3.0
\@tempboxb=\box73
) (/Users/sammyrabhine/Library/TinyTeX/texmf-dist/tex/latex/threeparttablex/threeparttablex.sty
Package: threeparttablex 2013/07/23 v0.3 by daleif
(/Users/sammyrabhine/Library/TinyTeX/texmf-dist/tex/latex/environ/environ.sty
Package: environ 2014/05/04 v0.3 A new way to define environments
(/Users/sammyrabhine/Library/TinyTeX/texmf-dist/tex/latex/trimspaces/trimspaces.sty
Package: trimspaces 2009/09/17 v1.1 Trim spaces around a token list
))
\TPTL@width=\skip66
) (/Users/sammyrabhine/Library/TinyTeX/texmf-dist/tex/generic/ulem/ulem.sty
\UL@box=\box74
\UL@hyphenbox=\box75
\UL@skip=\skip67
\UL@hook=\toks36
\UL@height=\dimen259
\UL@pe=\count324
\UL@pixel=\dimen260
\ULC@box=\box76
Package: ulem 2019/11/18
\ULdepth=\dimen261
) (/Users/sammyrabhine/Library/TinyTeX/texmf-dist/tex/latex/makecell/makecell.sty
Package: makecell 2009/08/03 V0.1e Managing of Tab Column Heads and Cells
\rotheadsize=\dimen262
\c@nlinenum=\count325
\TeXr@lab=\toks37
) (/Users/sammyrabhine/Library/TinyTeX/texmf-dist/tex/latex/bookmark/bookmark.sty
Package: bookmark 2023-12-10 v1.31 PDF bookmarks (HO)
(/Users/sammyrabhine/Library/TinyTeX/texmf-dist/tex/latex/hyperref/hyperref.sty
Package: hyperref 2025-07-12 v7.01o Hypertext links for LaTeX
(/Users/sammyrabhine/Library/TinyTeX/texmf-dist/tex/generic/kvdefinekeys/kvdefinekeys.sty
Package: kvdefinekeys 2019-12-19 v1.6 Define keys (HO)
) (/Users/sammyrabhine/Library/TinyTeX/texmf-dist/tex/generic/pdfescape/pdfescape.sty
Package: pdfescape 2019/12/09 v1.15 Implements pdfTeX's escape features (HO)
(/Users/sammyrabhine/Library/TinyTeX/texmf-dist/tex/generic/pdftexcmds/pdftexcmds.sty
Package: pdftexcmds 2020-06-27 v0.33 Utility functions of pdfTeX for LuaTeX (HO)
(/Users/sammyrabhine/Library/TinyTeX/texmf-dist/tex/generic/infwarerr/infwarerr.sty
Package: infwarerr 2019/12/03 v1.5 Providing info/warning/error messages (HO)
)
Package pdftexcmds Info: \pdf@primitive is available.
Package pdftexcmds Info: \pdf@ifprimitive is available.
Package pdftexcmds Info: \pdfdraftmode found.
)) (/Users/sammyrabhine/Library/TinyTeX/texmf-dist/tex/latex/hycolor/hycolor.sty
Package: hycolor 2020-01-27 v1.10 Color options for hyperref/bookmark (HO)
) (/Users/sammyrabhine/Library/TinyTeX/texmf-dist/tex/latex/hyperref/nameref.sty
Package: nameref 2025-06-21 v2.57 Cross-referencing by name of section
(/Users/sammyrabhine/Library/TinyTeX/texmf-dist/tex/latex/refcount/refcount.sty
Package: refcount 2019/12/15 v3.6 Data extraction from label references (HO)
) (/Users/sammyrabhine/Library/TinyTeX/texmf-dist/tex/generic/gettitlestring/gettitlestring.sty
Package: gettitlestring 2019/12/15 v1.6 Cleanup title references (HO)
)
\c@section@level=\count326
) (/Users/sammyrabhine/Library/TinyTeX/texmf-dist/tex/generic/stringenc/stringenc.sty
Package: stringenc 2019/11/29 v1.12 Convert strings between diff. encodings (HO)
)
\@linkdim=\dimen263
\Hy@linkcounter=\count327
\Hy@pagecounter=\count328
(/Users/sammyrabhine/Library/TinyTeX/texmf-dist/tex/latex/hyperref/pd1enc.def
File: pd1enc.def 2025-07-12 v7.01o Hyperref: PDFDocEncoding definition (HO)
Now handling font encoding PD1 ...
... no UTF-8 mapping file for font encoding PD1
) (/Users/sammyrabhine/Library/TinyTeX/texmf-dist/tex/generic/intcalc/intcalc.sty
Package: intcalc 2019/12/15 v1.3 Expandable calculations with integers (HO)
)
\Hy@SavedSpaceFactor=\count329
(/Users/sammyrabhine/Library/TinyTeX/texmf-dist/tex/latex/hyperref/puenc.def
File: puenc.def 2025-07-12 v7.01o Hyperref: PDF Unicode definition (HO)
Now handling font encoding PU ...
... no UTF-8 mapping file for font encoding PU
)
Package hyperref Info: Option `unicode' set `true' on input line 4066.
Package hyperref Info: Hyper figures OFF on input line 4195.
Package hyperref Info: Link nesting OFF on input line 4200.
Package hyperref Info: Hyper index ON on input line 4203.
Package hyperref Info: Plain pages OFF on input line 4210.
Package hyperref Info: Backreferencing OFF on input line 4215.
Package hyperref Info: Implicit mode ON; LaTeX internals redefined.
Package hyperref Info: Bookmarks ON on input line 4462.
\c@Hy@tempcnt=\count330
(/Users/sammyrabhine/Library/TinyTeX/texmf-dist/tex/latex/url/url.sty
\Urlmuskip=\muskip18
Package: url 2013/09/16  ver 3.4  Verb mode for urls, etc.
)
LaTeX Info: Redefining \url on input line 4801.
\XeTeXLinkMargin=\dimen264
(/Users/sammyrabhine/Library/TinyTeX/texmf-dist/tex/generic/bitset/bitset.sty
Package: bitset 2019/12/09 v1.3 Handle bit-vector datatype (HO)
(/Users/sammyrabhine/Library/TinyTeX/texmf-dist/tex/generic/bigintcalc/bigintcalc.sty
Package: bigintcalc 2019/12/15 v1.5 Expandable calculations on big integers (HO)
))
\Fld@menulength=\count331
\Field@Width=\dimen265
\Fld@charsize=\dimen266
Package hyperref Info: Hyper figures OFF on input line 6078.
Package hyperref Info: Link nesting OFF on input line 6083.
Package hyperref Info: Hyper index ON on input line 6086.
Package hyperref Info: backreferencing OFF on input line 6093.
Package hyperref Info: Link coloring OFF on input line 6098.
Package hyperref Info: Link coloring with OCG OFF on input line 6103.
Package hyperref Info: PDF/A mode OFF on input line 6108.
\Hy@abspage=\count332
\c@Item=\count333
\c@Hfootnote=\count334
)
Package hyperref Info: Driver (autodetected): hpdftex.
(/Users/sammyrabhine/Library/TinyTeX/texmf-dist/tex/latex/hyperref/hpdftex.def
File: hpdftex.def 2025-07-12 v7.01o Hyperref driver for pdfTeX
\Fld@listcount=\count335
\c@bookmark@seq@number=\count336
(/Users/sammyrabhine/Library/TinyTeX/texmf-dist/tex/latex/rerunfilecheck/rerunfilecheck.sty
Package: rerunfilecheck 2025-06-21 v1.11 Rerun checks for auxiliary files (HO)
(/Users/sammyrabhine/Library/TinyTeX/texmf-dist/tex/generic/uniquecounter/uniquecounter.sty
Package: uniquecounter 2019/12/15 v1.4 Provide unlimited unique counter (HO)
)
Package uniquecounter Info: New unique counter `rerunfilecheck' on input line 284.
)
\Hy@SectionHShift=\skip68
) (/Users/sammyrabhine/Library/TinyTeX/texmf-dist/tex/latex/bookmark/bkm-pdftex.def
File: bkm-pdftex.def 2023-12-10 v1.31 bookmark driver for pdfTeX and luaTeX (HO)
\BKM@id=\count337
))
LaTeX Font Info:    Trying to load font information for T1+lmr on input line 132.
(/Users/sammyrabhine/Library/TinyTeX/texmf-dist/tex/latex/lm/t1lmr.fd
File: t1lmr.fd 2015/05/01 v1.6.1 Font defs for Latin Modern
) (/Users/sammyrabhine/Library/TinyTeX/texmf-dist/tex/latex/l3backend/l3backend-pdftex.def
File: l3backend-pdftex.def 2025-10-09 L3 backend support: PDF output (pdfTeX)
\l__color_backend_stack_int=\count338
) (./Markdown_EN.aux

LaTeX Warning: Label `tab:Exploratory Analysis' multiply defined.

)
\openout1 = `Markdown_EN.aux'.

LaTeX Font Info:    Checking defaults for OML/cmm/m/it on input line 132.
LaTeX Font Info:    ... okay on input line 132.
LaTeX Font Info:    Checking defaults for OMS/cmsy/m/n on input line 132.
LaTeX Font Info:    ... okay on input line 132.
LaTeX Font Info:    Checking defaults for OT1/cmr/m/n on input line 132.
LaTeX Font Info:    ... okay on input line 132.
LaTeX Font Info:    Checking defaults for T1/cmr/m/n on input line 132.
LaTeX Font Info:    ... okay on input line 132.
LaTeX Font Info:    Checking defaults for TS1/cmr/m/n on input line 132.
LaTeX Font Info:    ... okay on input line 132.
LaTeX Font Info:    Checking defaults for OMX/cmex/m/n on input line 132.
LaTeX Font Info:    ... okay on input line 132.
LaTeX Font Info:    Checking defaults for U/cmr/m/n on input line 132.
LaTeX Font Info:    ... okay on input line 132.
LaTeX Font Info:    Checking defaults for PD1/pdf/m/n on input line 132.
LaTeX Font Info:    ... okay on input line 132.
LaTeX Font Info:    Checking defaults for PU/pdf/m/n on input line 132.
LaTeX Font Info:    ... okay on input line 132.
(/Users/sammyrabhine/Library/TinyTeX/texmf-dist/tex/latex/epstopdf-pkg/epstopdf-base.sty
Package: epstopdf-base 2020-01-24 v2.11 Base part for package epstopdf
Package epstopdf-base Info: Redefining graphics rule for `.eps' on input line 485.
(/Users/sammyrabhine/Library/TinyTeX/texmf-dist/tex/latex/latexconfig/epstopdf-sys.cfg
File: epstopdf-sys.cfg 2010/07/13 v1.3 Configuration of (r)epstopdf for TeX Live
))
*geometry* driver: auto-detecting
*geometry* detected driver: pdftex
*geometry* verbose mode - [ preamble ] result:
* driver: pdftex
* paper: <default>
* layout: <same size as paper>
* layoutoffset:(h,v)=(0.0pt,0.0pt)
* modes: 
* h-part:(L,W,R)=(72.26999pt, 469.75502pt, 72.26999pt)
* v-part:(T,H,B)=(72.26999pt, 650.43001pt, 72.26999pt)
* \paperwidth=614.295pt
* \paperheight=794.96999pt
* \textwidth=469.75502pt
* \textheight=650.43001pt
* \oddsidemargin=0.0pt
* \evensidemargin=0.0pt
* \topmargin=-37.0pt
* \headheight=12.0pt
* \headsep=25.0pt
* \topskip=10.0pt
* \footskip=30.0pt
* \marginparwidth=65.0pt
* \marginparsep=11.0pt
* \columnsep=10.0pt
* \skip\footins=9.0pt plus 4.0pt minus 2.0pt
* \hoffset=0.0pt
* \voffset=0.0pt
* \mag=1000
* \@twocolumnfalse
* \@twosidefalse
* \@mparswitchfalse
* \@reversemarginfalse
* (1in=72.27pt=25.4mm, 1cm=28.453pt)

Package microtype Info: Patching varwidth to enable character protrusion.
\MT@vwid@leftmargin=\dimen267
\MT@vwid@rightmargin=\dimen268
LaTeX Info: Redefining \microtypecontext on input line 132.
Package microtype Info: Applying patch `item' on input line 132.
Package microtype Info: Applying patch `toc' on input line 132.
Package microtype Info: Applying patch `eqnum' on input line 132.
Package microtype Info: Applying patch `footnote' on input line 132.
Package microtype Info: Applying patch `verbatim' on input line 132.
LaTeX Info: Redefining \microtypesetup on input line 132.
Package microtype Info: Generating PDF output.
Package microtype Info: Character protrusion enabled (level 2).
Package microtype Info: Using protrusion set `basicmath'.
Package microtype Info: Automatic font expansion enabled (level 2),
(microtype)             stretch: 20, shrink: 20, step: 1, non-selected.
Package microtype Info: Using default expansion set `alltext-nott'.
Package microtype Info: Patching command `\showhyphens'.
Package microtype Info: No adjustment of tracking.
Package microtype Info: No adjustment of interword spacing.
Package microtype Info: No adjustment of character kerning.
(/Users/sammyrabhine/Library/TinyTeX/texmf-dist/tex/latex/microtype/mt-cmr.cfg
File: mt-cmr.cfg 2013/05/19 v2.2 microtype config. file: Computer Modern Roman (RS)
)
Package hyperref Info: Link coloring OFF on input line 132.
LaTeX Font Info:    Trying to load font information for OT1+lmr on input line 134.
(/Users/sammyrabhine/Library/TinyTeX/texmf-dist/tex/latex/lm/ot1lmr.fd
File: ot1lmr.fd 2015/05/01 v1.6.1 Font defs for Latin Modern
)
LaTeX Font Info:    Trying to load font information for OML+lmm on input line 134.
(/Users/sammyrabhine/Library/TinyTeX/texmf-dist/tex/latex/lm/omllmm.fd
File: omllmm.fd 2015/05/01 v1.6.1 Font defs for Latin Modern
)
LaTeX Font Info:    Trying to load font information for OMS+lmsy on input line 134.
(/Users/sammyrabhine/Library/TinyTeX/texmf-dist/tex/latex/lm/omslmsy.fd
File: omslmsy.fd 2015/05/01 v1.6.1 Font defs for Latin Modern
)
LaTeX Font Info:    Trying to load font information for OMX+lmex on input line 134.
(/Users/sammyrabhine/Library/TinyTeX/texmf-dist/tex/latex/lm/omxlmex.fd
File: omxlmex.fd 2015/05/01 v1.6.1 Font defs for Latin Modern
)
LaTeX Font Info:    External font `lmex10' loaded for size
(Font)              <12> on input line 134.
LaTeX Font Info:    External font `lmex10' loaded for size
(Font)              <8> on input line 134.
LaTeX Font Info:    External font `lmex10' loaded for size
(Font)              <6> on input line 134.
LaTeX Font Info:    Trying to load font information for U+msa on input line 134.
(/Users/sammyrabhine/Library/TinyTeX/texmf-dist/tex/latex/amsfonts/umsa.fd
File: umsa.fd 2013/01/14 v3.01 AMS symbols A
) (/Users/sammyrabhine/Library/TinyTeX/texmf-dist/tex/latex/microtype/mt-msa.cfg
File: mt-msa.cfg 2006/02/04 v1.1 microtype config. file: AMS symbols (a) (RS)
)
LaTeX Font Info:    Trying to load font information for U+msb on input line 134.
(/Users/sammyrabhine/Library/TinyTeX/texmf-dist/tex/latex/amsfonts/umsb.fd
File: umsb.fd 2013/01/14 v3.01 AMS symbols B
) (/Users/sammyrabhine/Library/TinyTeX/texmf-dist/tex/latex/microtype/mt-msb.cfg
File: mt-msb.cfg 2005/06/01 v1.0 microtype config. file: AMS symbols (b) (RS)
) (./Markdown_EN.toc
LaTeX Font Info:    External font `lmex10' loaded for size
(Font)              <10> on input line 3.
LaTeX Font Info:    External font `lmex10' loaded for size
(Font)              <7> on input line 3.
LaTeX Font Info:    External font `lmex10' loaded for size
(Font)              <5> on input line 3.
)
\tf@toc=\write4
\openout4 = `Markdown_EN.toc'.

LaTeX Font Info:    Trying to load font information for T1+lmtt on input line 150.
(/Users/sammyrabhine/Library/TinyTeX/texmf-dist/tex/latex/lm/t1lmtt.fd
File: t1lmtt.fd 2015/05/01 v1.6.1 Font defs for Latin Modern
)
LaTeX Font Info:    Font shape `T1/lmtt/bx/n' in size <10> not available
(Font)              Font shape `T1/lmtt/b/n' tried instead on input line 152.

LaTeX Font Warning: Font shape `T1/lmtt/bx/it' in size <10> not available
(Font)              Font shape `T1/lmtt/b/sl' tried instead on input line 156.


Overfull \hbox (2313.92253pt too wide) in alignment at lines 166--177
 [] [] [] [] [] [] [] [] [] [] [] [] [] [] [] [] [] [] [] [] [] [] [] [] [] [] [] [] [] [] [] [] [] [] [] 
 []

ignored error: Infinite glue shrinkage found in box being split [1

{/Users/sammyrabhine/Library/TinyTeX/texmf-var/fonts/map/pdftex/updmap/pdftex.map}{/Users/sammyrabhine/Library/TinyTeX/texmf-dist/fonts/enc/dvips/lm/lm-ec.enc}]
<Markdown_EN_files/figure-latex/Missing value analysis-1.pdf, id=36, 640.3925pt x 423.5825pt>
File: Markdown_EN_files/figure-latex/Missing value analysis-1.pdf Graphic file (type pdf)
<use Markdown_EN_files/figure-latex/Missing value analysis-1.pdf>
Package pdftex.def Info: Markdown_EN_files/figure-latex/Missing value analysis-1.pdf  used on input line 234.
(pdftex.def)             Requested size: 422.77664pt x 279.64287pt.
[2]
Underfull \vbox (badness 10000) detected at line 294
 []

[3 <./Markdown_EN_files/figure-latex/Missing value analysis-1.pdf>] [4]
<Markdown_EN_files/figure-latex/Feature distribution-1.pdf, id=57, 644.4075pt x 416.55624pt>
File: Markdown_EN_files/figure-latex/Feature distribution-1.pdf Graphic file (type pdf)
<use Markdown_EN_files/figure-latex/Feature distribution-1.pdf>
Package pdftex.def Info: Markdown_EN_files/figure-latex/Feature distribution-1.pdf  used on input line 354.
(pdftex.def)             Requested size: 422.77664pt x 273.3008pt.
[5 <./Markdown_EN_files/figure-latex/Feature distribution-1.pdf>]
LaTeX Font Info:    Trying to load font information for TS1+lmtt on input line 405.
(/Users/sammyrabhine/Library/TinyTeX/texmf-dist/tex/latex/lm/ts1lmtt.fd
File: ts1lmtt.fd 2015/05/01 v1.6.1 Font defs for Latin Modern
)
<Markdown_EN_files/figure-latex/Target distribution-1.pdf, id=73, 634.37pt x 423.5825pt>
File: Markdown_EN_files/figure-latex/Target distribution-1.pdf Graphic file (type pdf)
<use Markdown_EN_files/figure-latex/Target distribution-1.pdf>
Package pdftex.def Info: Markdown_EN_files/figure-latex/Target distribution-1.pdf  used on input line 411.
(pdftex.def)             Requested size: 422.77664pt x 282.30577pt.
[6{/Users/sammyrabhine/Library/TinyTeX/texmf-dist/fonts/enc/dvips/lm/lm-ts1.enc} <./Markdown_EN_files/figure-latex/Target distribution-1.pdf>]
<Markdown_EN_files/figure-latex/PCA-1.pdf, id=89, 464.73625pt x 423.5825pt>
File: Markdown_EN_files/figure-latex/PCA-1.pdf Graphic file (type pdf)
<use Markdown_EN_files/figure-latex/PCA-1.pdf>
Package pdftex.def Info: Markdown_EN_files/figure-latex/PCA-1.pdf  used on input line 440.
(pdftex.def)             Requested size: 422.77664pt x 385.3508pt.
[7 <./Markdown_EN_files/figure-latex/PCA-1.pdf>]
Underfull \vbox (badness 10000) detected at line 520
 []


Overfull \vbox (0.41653pt too high) detected at line 520
 []

[8]
<Markdown_EN_files/figure-latex/Coloured UMAP-1.pdf, id=107, 631.35875pt x 418.56375pt>
File: Markdown_EN_files/figure-latex/Coloured UMAP-1.pdf Graphic file (type pdf)
<use Markdown_EN_files/figure-latex/Coloured UMAP-1.pdf>
Package pdftex.def Info: Markdown_EN_files/figure-latex/Coloured UMAP-1.pdf  used on input line 565.
(pdftex.def)             Requested size: 422.77664pt x 280.28296pt.
[9]
Underfull \vbox (badness 10000) detected at line 635
 []

[10 <./Markdown_EN_files/figure-latex/Coloured UMAP-1.pdf>]
<Markdown_EN_files/figure-latex/price density by regime-1.pdf, id=126, 632.3625pt x 421.575pt>
File: Markdown_EN_files/figure-latex/price density by regime-1.pdf Graphic file (type pdf)
<use Markdown_EN_files/figure-latex/price density by regime-1.pdf>
Package pdftex.def Info: Markdown_EN_files/figure-latex/price density by regime-1.pdf  used on input line 637.
(pdftex.def)             Requested size: 422.77664pt x 281.85553pt.
[11]
<Markdown_EN_files/figure-latex/France price matrix-1.pdf, id=131, 634.37pt x 423.5825pt>
File: Markdown_EN_files/figure-latex/France price matrix-1.pdf Graphic file (type pdf)
<use Markdown_EN_files/figure-latex/France price matrix-1.pdf>
Package pdftex.def Info: Markdown_EN_files/figure-latex/France price matrix-1.pdf  used on input line 673.
(pdftex.def)             Requested size: 422.77664pt x 282.30577pt.
[12 <./Markdown_EN_files/figure-latex/price density by regime-1.pdf>]
<Markdown_EN_files/figure-latex/Germany price matrix-1.pdf, id=146, 634.37pt x 423.5825pt>
File: Markdown_EN_files/figure-latex/Germany price matrix-1.pdf Graphic file (type pdf)
<use Markdown_EN_files/figure-latex/Germany price matrix-1.pdf>
Package pdftex.def Info: Markdown_EN_files/figure-latex/Germany price matrix-1.pdf  used on input line 703.
(pdftex.def)             Requested size: 422.77664pt x 282.30577pt.
[13 <./Markdown_EN_files/figure-latex/France price matrix-1.pdf>]
Underfull \vbox (badness 4621) detected at line 766
 []

[14 <./Markdown_EN_files/figure-latex/Germany price matrix-1.pdf>]
<Markdown_EN_files/figure-latex/market_profile_FR_radar-1.pdf, id=173, 465.74pt x 399.4925pt>
File: Markdown_EN_files/figure-latex/market_profile_FR_radar-1.pdf Graphic file (type pdf)
<use Markdown_EN_files/figure-latex/market_profile_FR_radar-1.pdf>
Package pdftex.def Info: Markdown_EN_files/figure-latex/market_profile_FR_radar-1.pdf  used on input line 768.
(pdftex.def)             Requested size: 422.77664pt x 362.65485pt.
[15]
Underfull \vbox (badness 10000) detected at line 827
 []

[16 <./Markdown_EN_files/figure-latex/market_profile_FR_radar-1.pdf>]
<Markdown_EN_files/figure-latex/market_profile_DE_radar-1.pdf, id=193, 465.74pt x 399.4925pt>
File: Markdown_EN_files/figure-latex/market_profile_DE_radar-1.pdf Graphic file (type pdf)
<use Markdown_EN_files/figure-latex/market_profile_DE_radar-1.pdf>
Package pdftex.def Info: Markdown_EN_files/figure-latex/market_profile_DE_radar-1.pdf  used on input line 829.
(pdftex.def)             Requested size: 422.77664pt x 362.65485pt.
[17]
Underfull \vbox (badness 10000) detected at line 881
 []

[18 <./Markdown_EN_files/figure-latex/market_profile_DE_radar-1.pdf>]
<Markdown_EN_files/figure-latex/Merit Order-1.pdf, id=213, 631.35875pt x 421.575pt>
File: Markdown_EN_files/figure-latex/Merit Order-1.pdf Graphic file (type pdf)
<use Markdown_EN_files/figure-latex/Merit Order-1.pdf>
Package pdftex.def Info: Markdown_EN_files/figure-latex/Merit Order-1.pdf  used on input line 883.
(pdftex.def)             Requested size: 422.77664pt x 282.2994pt.
[19 <./Markdown_EN_files/figure-latex/Merit Order-1.pdf>]
<Markdown_EN_files/figure-latex/wind price-1.pdf, id=229, 640.3925pt x 423.5825pt>
File: Markdown_EN_files/figure-latex/wind price-1.pdf Graphic file (type pdf)
<use Markdown_EN_files/figure-latex/wind price-1.pdf>
Package pdftex.def Info: Markdown_EN_files/figure-latex/wind price-1.pdf  used on input line 946.
(pdftex.def)             Requested size: 422.77664pt x 279.64287pt.
[20]
Underfull \vbox (badness 10000) detected at line 1007
 []

[21 <./Markdown_EN_files/figure-latex/wind price-1.pdf>]
<Markdown_EN_files/figure-latex/solar price-1.pdf, id=246, 638.385pt x 421.575pt>
File: Markdown_EN_files/figure-latex/solar price-1.pdf Graphic file (type pdf)
<use Markdown_EN_files/figure-latex/solar price-1.pdf>
Package pdftex.def Info: Markdown_EN_files/figure-latex/solar price-1.pdf  used on input line 1009.
(pdftex.def)             Requested size: 422.77664pt x 279.19238pt.
[22 <./Markdown_EN_files/figure-latex/solar price-1.pdf>]
Underfull \vbox (badness 10000) detected at line 1085
 []


Underfull \vbox (badness 10000) detected at line 1085
 []

[23]
<Markdown_EN_files/figure-latex/negative_price_threshold-1.pdf, id=263, 631.35875pt x 421.575pt>
File: Markdown_EN_files/figure-latex/negative_price_threshold-1.pdf Graphic file (type pdf)
<use Markdown_EN_files/figure-latex/negative_price_threshold-1.pdf>
Package pdftex.def Info: Markdown_EN_files/figure-latex/negative_price_threshold-1.pdf  used on input line 1087.
(pdftex.def)             Requested size: 422.77664pt x 282.2994pt.
[24 <./Markdown_EN_files/figure-latex/negative_price_threshold-1.pdf>]
Underfull \vbox (badness 10000) detected at line 1189
 []


Overfull \vbox (0.24246pt too high) detected at line 1189
 []

[25{/Users/sammyrabhine/Library/TinyTeX/texmf-dist/fonts/enc/dvips/lm/lm-mathit.enc}{/Users/sammyrabhine/Library/TinyTeX/texmf-dist/fonts/enc/dvips/lm/lm-mathsy.enc}{/Users/sammyrabhine/Library/TinyTeX/texmf-dist/fonts/enc/dvips/lm/lm-rm.enc}] [26] [27]
Underfull \vbox (badness 10000) detected at line 1370
 []


Underfull \vbox (badness 10000) detected at line 1370
 []

[28] [29]
<Markdown_EN_files/figure-latex/feature_importance-1.pdf, id=305, 634.37pt x 423.5825pt>
File: Markdown_EN_files/figure-latex/feature_importance-1.pdf Graphic file (type pdf)
<use Markdown_EN_files/figure-latex/feature_importance-1.pdf>
Package pdftex.def Info: Markdown_EN_files/figure-latex/feature_importance-1.pdf  used on input line 1479.
(pdftex.def)             Requested size: 422.77664pt x 282.30577pt.
<Markdown_EN_files/figure-latex/feature_importance-2.pdf, id=306, 634.37pt x 423.5825pt>
File: Markdown_EN_files/figure-latex/feature_importance-2.pdf Graphic file (type pdf)
<use Markdown_EN_files/figure-latex/feature_importance-2.pdf>
Package pdftex.def Info: Markdown_EN_files/figure-latex/feature_importance-2.pdf  used on input line 1493.
(pdftex.def)             Requested size: 422.77664pt x 282.30577pt.
[30 <./Markdown_EN_files/figure-latex/feature_importance-1.pdf>] [31 <./Markdown_EN_files/figure-latex/feature_importance-2.pdf>] (./Markdown_EN.aux)
 ***********
LaTeX2e <2025-11-01>
L3 programming layer <2025-12-24>
 ***********

LaTeX Warning: There were multiply-defined labels.

 ) 
Here is how much of TeX's memory you used:
 15562 strings out of 469519
 252803 string characters out of 5469078
 779679 words of memory out of 5000000
 43801 multiletter control sequences out of 15000+600000
 683743 words of font info for 132 fonts, out of 8000000 for 9000
 14 hyphenation exceptions out of 8191
 83i,7n,93p,1008b,585s stack positions out of 10000i,1000n,20000p,200000b,200000s
</Users/sammyrabhine/Library/TinyTeX/texmf-dist/fonts/type1/public/lm/lmbx10.pfb></Users/sammyrabhine/Library/TinyTeX/texmf-dist/fonts/type1/public/lm/lmbx12.pfb></Users/sammyrabhine/Library/TinyTeX/texmf-dist/fonts/type1/public/lm/lmmi10.pfb></Users/sammyrabhine/Library/TinyTeX/texmf-dist/fonts/type1/public/lm/lmr10.pfb></Users/sammyrabhine/Library/TinyTeX/texmf-dist/fonts/type1/public/lm/lmr12.pfb></Users/sammyrabhine/Library/TinyTeX/texmf-dist/fonts/type1/public/lm/lmr17.pfb></Users/sammyrabhine/Library/TinyTeX/texmf-dist/fonts/type1/public/lm/lmri10.pfb></Users/sammyrabhine/Library/TinyTeX/texmf-dist/fonts/type1/public/lm/lmsy10.pfb></Users/sammyrabhine/Library/TinyTeX/texmf-dist/fonts/type1/public/lm/lmtk10.pfb></Users/sammyrabhine/Library/TinyTeX/texmf-dist/fonts/type1/public/lm/lmtko10.pfb></Users/sammyrabhine/Library/TinyTeX/texmf-dist/fonts/type1/public/lm/lmtt10.pfb></Users/sammyrabhine/Library/TinyTeX/texmf-dist/fonts/type1/public/lm/lmtti10.pfb>
Output written on Markdown_EN.pdf (31 pages, 553634 bytes).
PDF statistics:
 429 PDF objects out of 1000 (max. 8388607)
 315 compressed objects within 4 object streams
 48 named destinations out of 1000 (max. 500000)
 28817 words of extra memory for PDF output out of 29859 (max. 10000000)

